page

/government/publications/crown-commercial-service-customer-update-september-2016/crown-commercial-service-update-september-2016
/government/news/level-crossing-collision-romney-hythe-dymchurch-railway
/government/organisations/criminal-cases-review-commission
/guidance/guidance-for-driving-examiners-carrying-out-driving-tests-dt1/05-candidates-with-an-impairment
/guidance/equality-act-2010-guidance
/guidance/dbs-check-requests-guidance-for-employers
/pay-dartford-crossing-charge
/squatting-law
/carers-allowance-unit
